// Jest Snapshot v1, https://goo.gl/fbAQLP

exports[`Header component should render Header component 1`] = `
<styled.div>
  <styled.div>
    <Connect(SearchBar) />
  </styled.div>
  <styled.div>
    <Styled(Link)
      to="/"
    >
      Main
    </Styled(Link)>
    <Styled(Link)
      to="/signin"
    >
      SignIn
    </Styled(Link)>
    <Styled(Link)
      to="/user/1"
    >
      Profile
    </Styled(Link)>
  </styled.div>
</styled.div>
`;
